// Jest Snapshot v1, https://goo.gl/fbAQLP

exports[`Missions renders correctly 1`] = `
<div
  className="container mx-auto py-8 w-full"
>
  <table
    className="table-auto max-w-[90%] mx-auto bg-white shadow-md rounded-lg"
  >
    <thead
      className="bg-gray-100"
    >
      <tr>
        <th
          className="px-4 py-2"
        >
          Mission
        </th>
        <th
          className="px-4 py-2"
        >
          Description
        </th>
        <th
          className="px-4 py-2"
        >
          Status
        </th>
        <th
          className="px-4 py-2"
        >
          Action
        </th>
      </tr>
    </thead>
    <tbody />
  </table>
</div>
`;
